while : 0 1 2 3 4 5 6 7 8 9 
until : 0 1 2 3 4 5 6 7 8 9 
dowhile : 0 1 2 3 4 5 6 7 8 9 
dountil : 0 1 2 3 4 5 6 7 8 9 
for : 0 1 2 3 4 5 6 7 8 9 
for : 9 8 7 6 5 4 3 2 1 0 
for : 0 2 4 6 8 10 12 14 16 18 20 
for : 20 18 16 14 12 10 8 6 4 2 0 
