"3" = "3"
"15 test.jpg" = "15 test.jpg"
"0 bbb" = "0 bbb"
