"0" = "0"
"1" = "1"
"2" = "2"
"3" = "3"
"4" = "4"
"5" = "5"
"6" = "6"
"7" = "7"
"8" = "8"
"9" = "9"

"0:1:2:3:4:5:6:7:8:9:" = "0:1:2:3:4:5:6:7:8:9:"
"10" = "10"
"schani:ruled:im:hirn:" = "schani:ruled:im:hirn:"
"hirn:im:ruled:schani:" = "hirn:im:ruled:schani:"
"hirn:im:ruled:schani" = "hirn:im:ruled:schani"
"::::" = "::::"
":" = ":"
"aix:x:x::" = "aix:x:x::"
"aix:x::" = "aix:x::"

"0" = "0"
"1" = "1"
"2" = "2"
