"deinz" = "deinz"
"banani" = "banani"
"deinhart" = "deinhart"
heinz
jute
schani
"3" = "3"
"ok" = "ok"
"ok" = "ok"
