"%" = "%"
"$$" = "$v_metachar"
"%%" = "%v_metachar"
%<v_metachar=$>"$" = "$"
