"heinzi"
"123" = "123"
"12" = "12"
"56789" = "56789"
"789" = "789"
"1" = "1"
"0" = "0"
"-1" = "-1"
"0" = "0"
"1" = "1"
